1/808 live_simple_0-0-0 call=True failure=none
2/808 live_simple_1-1-0 call=True failure=none
3/808 live_simple_10-3-6 call=False failure=validator_fail
4/808 live_simple_100-59-1 call=True failure=none
5/808 live_simple_101-60-0 call=True failure=none
6/808 live_simple_102-61-0 call=False failure=validator_fail
7/808 live_simple_103-61-1 call=False failure=validator_fail
8/808 live_simple_104-61-2 call=False failure=validator_fail
9/808 live_simple_105-62-0 call=True failure=none
10/808 live_simple_106-63-0 call=False failure=router_fail
11/808 live_simple_107-64-0 call=False failure=validator_fail
12/808 live_simple_108-65-0 call=False failure=validator_fail
13/808 live_simple_109-66-0 call=True failure=none
14/808 live_simple_11-3-7 call=True failure=none
15/808 live_simple_110-67-0 call=False failure=validator_fail
16/808 live_simple_111-67-1 call=False failure=validator_fail
17/808 live_simple_112-68-0 call=True failure=none
18/808 live_simple_113-69-0 call=False failure=validator_fail
19/808 live_simple_114-70-0 call=False failure=validator_fail
20/808 live_simple_115-71-0 call=True failure=none
21/808 live_simple_116-72-0 call=True failure=none
22/808 live_simple_117-73-0 call=False failure=validator_fail
23/808 live_simple_118-74-0 call=False failure=validator_fail
24/808 live_simple_119-75-0 call=True failure=none
25/808 live_simple_12-3-8 call=True failure=none
26/808 live_simple_120-76-0 call=True failure=none
27/808 live_simple_121-77-0 call=True failure=none
28/808 live_simple_122-78-0 call=True failure=none
29/808 live_simple_123-79-0 call=True failure=none
30/808 live_simple_124-80-0 call=False failure=validator_fail
31/808 live_simple_125-81-0 call=True failure=none
32/808 live_simple_126-82-0 call=True failure=none
33/808 live_simple_127-82-1 call=True failure=none
34/808 live_simple_128-83-0 call=False failure=validator_fail
35/808 live_simple_129-83-1 call=False failure=validator_fail
36/808 live_simple_13-3-9 call=False failure=validator_fail
37/808 live_simple_130-84-0 call=False failure=validator_fail
38/808 live_simple_131-84-1 call=False failure=validator_fail
39/808 live_simple_132-85-0 call=False failure=validator_fail
40/808 live_simple_133-86-0 call=False failure=validator_fail
41/808 live_simple_134-87-0 call=False failure=validator_fail
42/808 live_simple_135-88-0 call=False failure=validator_fail
43/808 live_simple_136-89-0 call=False failure=validator_fail
44/808 live_simple_137-90-0 call=True failure=none
45/808 live_simple_138-91-0 call=True failure=none
46/808 live_simple_139-92-0 call=False failure=validator_fail
47/808 live_simple_14-3-10 call=True failure=none
48/808 live_simple_140-93-0 call=True failure=none
49/808 live_simple_141-94-0 call=False failure=validator_fail
50/808 live_simple_142-94-1 call=False failure=validator_fail
51/808 live_simple_143-95-0 call=False failure=validator_fail
52/808 live_simple_144-95-1 call=False failure=validator_fail
53/808 live_simple_145-95-2 call=False failure=validator_fail
54/808 live_simple_146-95-3 call=False failure=validator_fail
55/808 live_simple_147-95-4 call=True failure=none
56/808 live_simple_148-95-5 call=False failure=validator_fail
57/808 live_simple_149-95-6 call=False failure=validator_fail
58/808 live_simple_15-3-11 call=False failure=validator_fail
59/808 live_simple_150-95-7 call=False failure=validator_fail
60/808 live_simple_151-95-8 call=False failure=validator_fail
61/808 live_simple_152-95-9 call=False failure=validator_fail
62/808 live_simple_153-95-10 call=False failure=validator_fail
63/808 live_simple_154-95-11 call=False failure=validator_fail
64/808 live_simple_155-95-12 call=False failure=validator_fail
65/808 live_simple_156-95-13 call=False failure=validator_fail
66/808 live_simple_157-95-14 call=True failure=none
67/808 live_simple_158-95-15 call=False failure=validator_fail
68/808 live_simple_159-95-16 call=False failure=validator_fail
69/808 live_simple_16-3-12 call=True failure=none
70/808 live_simple_160-95-17 call=True failure=none
71/808 live_simple_161-96-0 call=False failure=validator_fail
72/808 live_simple_162-96-1 call=True failure=none
73/808 live_simple_163-96-2 call=True failure=none
74/808 live_simple_164-97-0 call=True failure=none
75/808 live_simple_165-98-0 call=False failure=validator_fail
76/808 live_simple_166-99-0 call=True failure=none
77/808 live_simple_167-99-1 call=True failure=none
78/808 live_simple_168-99-2 call=True failure=none
79/808 live_simple_169-99-3 call=True failure=none
80/808 live_simple_17-3-13 call=True failure=none
81/808 live_simple_170-99-4 call=True failure=none
82/808 live_simple_171-99-5 call=True failure=none
83/808 live_simple_172-99-6 call=True failure=none
84/808 live_simple_173-99-7 call=True failure=none
85/808 live_simple_174-100-0 call=True failure=none
86/808 live_simple_175-101-0 call=True failure=none
87/808 live_simple_176-102-0 call=True failure=none
88/808 live_simple_177-103-0 call=True failure=none
89/808 live_simple_178-103-1 call=True failure=none
90/808 live_simple_179-104-0 call=True failure=none
91/808 live_simple_18-3-14 call=True failure=none
92/808 live_simple_180-105-0 call=True failure=none
93/808 live_simple_181-106-0 call=True failure=none
94/808 live_simple_182-107-0 call=True failure=none
95/808 live_simple_183-108-0 call=False failure=validator_fail
96/808 live_simple_184-109-0 call=False failure=validator_fail
97/808 live_simple_185-110-0 call=False failure=validator_fail
98/808 live_simple_186-111-0 call=False failure=validator_fail
99/808 live_simple_187-112-0 call=False failure=validator_fail
100/808 live_simple_188-113-0 call=False failure=validator_fail
101/808 live_simple_189-114-0 call=False failure=validator_fail
102/808 live_simple_19-3-15 call=True failure=none
103/808 live_simple_190-115-0 call=True failure=none
104/808 live_simple_191-115-1 call=True failure=none
105/808 live_simple_192-116-0 call=True failure=none
106/808 live_simple_193-116-1 call=True failure=none
107/808 live_simple_194-116-2 call=True failure=none
108/808 live_simple_195-116-3 call=True failure=none
109/808 live_simple_196-116-4 call=False failure=validator_fail
110/808 live_simple_197-116-5 call=True failure=none
111/808 live_simple_198-116-6 call=True failure=none
112/808 live_simple_199-116-7 call=True failure=none
113/808 live_simple_2-2-0 call=True failure=none
114/808 live_simple_20-4-0 call=True failure=none
115/808 live_simple_200-116-8 call=True failure=none
116/808 live_simple_201-116-9 call=True failure=none
117/808 live_simple_202-116-10 call=True failure=none
118/808 live_simple_203-116-11 call=False failure=validator_fail
119/808 live_simple_204-116-12 call=False failure=validator_fail
120/808 live_simple_205-116-13 call=True failure=none
121/808 live_simple_206-116-14 call=True failure=none
122/808 live_simple_207-116-15 call=True failure=none
123/808 live_simple_208-117-0 call=False failure=validator_fail
124/808 live_simple_209-117-1 call=False failure=validator_fail
125/808 live_simple_21-4-1 call=True failure=none
126/808 live_simple_210-117-2 call=False failure=validator_fail
127/808 live_simple_211-117-3 call=True failure=none
128/808 live_simple_212-117-4 call=False failure=validator_fail
129/808 live_simple_213-117-5 call=False failure=validator_fail
130/808 live_simple_214-117-6 call=True failure=none
131/808 live_simple_215-117-7 call=False failure=validator_fail
132/808 live_simple_216-117-8 call=True failure=none
133/808 live_simple_217-117-9 call=True failure=none
134/808 live_simple_218-117-10 call=True failure=none
135/808 live_simple_219-117-11 call=True failure=none
136/808 live_simple_22-5-0 call=False failure=validator_fail
137/808 live_simple_220-117-12 call=True failure=none
138/808 live_simple_221-117-13 call=True failure=none
139/808 live_simple_222-117-14 call=True failure=none
140/808 live_simple_223-117-15 call=False failure=validator_fail
141/808 live_simple_224-117-16 call=True failure=none
142/808 live_simple_225-117-17 call=True failure=none
143/808 live_simple_226-118-0 call=False failure=validator_fail
144/808 live_simple_227-118-1 call=False failure=validator_fail
145/808 live_simple_228-119-0 call=True failure=none
146/808 live_simple_229-120-0 call=True failure=none
147/808 live_simple_23-5-1 call=True failure=none
148/808 live_simple_230-121-0 call=False failure=validator_fail
149/808 live_simple_231-122-0 call=False failure=validator_fail
150/808 live_simple_232-122-1 call=True failure=none
151/808 live_simple_233-123-0 call=False failure=validator_fail
152/808 live_simple_234-123-1 call=False failure=validator_fail
153/808 live_simple_235-124-0 call=False failure=validator_fail
154/808 live_simple_236-124-1 call=True failure=none
155/808 live_simple_237-125-0 call=False failure=validator_fail
156/808 live_simple_238-125-1 call=False failure=validator_fail
157/808 live_simple_239-125-2 call=False failure=validator_fail
158/808 live_simple_24-5-2 call=True failure=none
159/808 live_simple_240-125-3 call=False failure=validator_fail
160/808 live_simple_241-125-4 call=False failure=validator_fail
161/808 live_simple_242-126-0 call=True failure=none
162/808 live_simple_243-126-1 call=True failure=none
163/808 live_simple_244-126-2 call=True failure=none
164/808 live_simple_245-127-0 call=True failure=none
165/808 live_simple_246-128-0 call=True failure=none
166/808 live_simple_247-129-0 call=True failure=none
167/808 live_simple_248-130-0 call=False failure=validator_fail
168/808 live_simple_249-131-0 call=True failure=none
169/808 live_simple_25-5-3 call=False failure=validator_fail
170/808 live_simple_250-132-0 call=True failure=none
171/808 live_simple_251-133-0 call=True failure=none
172/808 live_simple_252-134-0 call=True failure=none
173/808 live_simple_253-135-0 call=True failure=none
174/808 live_simple_254-136-0 call=True failure=none
175/808 live_simple_255-136-1 call=True failure=none
176/808 live_simple_256-137-0 call=True failure=none
177/808 live_simple_257-137-1 call=True failure=none
178/808 live_simple_26-6-0 call=False failure=validator_fail
179/808 live_simple_27-7-0 call=False failure=validator_fail
180/808 live_simple_28-7-1 call=True failure=none
181/808 live_simple_29-7-2 call=True failure=none
182/808 live_simple_3-2-1 call=True failure=none
183/808 live_simple_30-8-0 call=False failure=validator_fail
184/808 live_simple_31-8-1 call=False failure=validator_fail
185/808 live_simple_32-9-0 call=False failure=validator_fail
186/808 live_simple_33-10-0 call=True failure=none
187/808 live_simple_34-11-0 call=True failure=none
188/808 live_simple_35-12-0 call=False failure=validator_fail
189/808 live_simple_36-13-0 call=True failure=none
190/808 live_simple_37-14-0 call=True failure=none
191/808 live_simple_38-15-0 call=False failure=validator_fail
192/808 live_simple_39-16-0 call=False failure=validator_fail
193/808 live_simple_4-3-0 call=True failure=none
194/808 live_simple_40-17-0 call=False failure=validator_fail
195/808 live_simple_41-17-1 call=False failure=validator_fail
196/808 live_simple_42-17-2 call=False failure=validator_fail
197/808 live_simple_43-17-3 call=False failure=validator_fail
198/808 live_simple_44-18-0 call=False failure=validator_fail
199/808 live_simple_45-18-1 call=False failure=validator_fail
200/808 live_simple_46-19-0 call=True failure=none
201/808 live_simple_47-20-0 call=True failure=none
202/808 live_simple_48-21-0 call=False failure=validator_fail
203/808 live_simple_49-21-1 call=False failure=validator_fail
204/808 live_simple_5-3-1 call=True failure=none
205/808 live_simple_50-22-0 call=True failure=none
206/808 live_simple_51-23-0 call=False failure=validator_fail
207/808 live_simple_52-23-1 call=False failure=validator_fail
208/808 live_simple_53-24-0 call=True failure=none
209/808 live_simple_54-25-0 call=False failure=validator_fail
210/808 live_simple_55-25-1 call=True failure=none
211/808 live_simple_56-26-0 call=True failure=none
212/808 live_simple_57-26-1 call=True failure=none
213/808 live_simple_58-27-0 call=False failure=validator_fail
214/808 live_simple_59-28-0 call=False failure=validator_fail
215/808 live_simple_6-3-2 call=True failure=none
216/808 live_simple_60-29-0 call=True failure=none
217/808 live_simple_61-29-1 call=True failure=none
218/808 live_simple_62-29-2 call=True failure=none
219/808 live_simple_63-29-3 call=True failure=none
220/808 live_simple_64-29-4 call=True failure=none
221/808 live_simple_65-29-5 call=True failure=none
222/808 live_simple_66-30-0 call=True failure=none
223/808 live_simple_67-31-0 call=False failure=validator_fail
224/808 live_simple_68-32-0 call=True failure=none
225/808 live_simple_69-33-0 call=True failure=none
226/808 live_simple_7-3-3 call=True failure=none
227/808 live_simple_70-34-0 call=False failure=validator_fail
228/808 live_simple_71-35-0 call=False failure=validator_fail
229/808 live_simple_72-36-0 call=True failure=none
230/808 live_simple_73-36-1 call=True failure=none
231/808 live_simple_74-36-2 call=True failure=none
232/808 live_simple_75-36-3 call=True failure=none
233/808 live_simple_76-37-0 call=True failure=none
234/808 live_simple_77-38-0 call=False failure=validator_fail
235/808 live_simple_78-39-0 call=False failure=validator_fail
236/808 live_simple_79-40-0 call=True failure=none
237/808 live_simple_8-3-4 call=True failure=none
238/808 live_simple_80-41-0 call=False failure=validator_fail
239/808 live_simple_81-42-0 call=False failure=validator_fail
240/808 live_simple_82-43-0 call=False failure=validator_fail
241/808 live_simple_83-44-0 call=True failure=none
242/808 live_simple_84-45-0 call=True failure=none
243/808 live_simple_85-46-0 call=True failure=none
244/808 live_simple_86-47-0 call=True failure=none
245/808 live_simple_87-48-0 call=True failure=none
246/808 live_simple_88-49-0 call=True failure=none
247/808 live_simple_89-50-0 call=True failure=none
248/808 live_simple_9-3-5 call=True failure=none
249/808 live_simple_90-51-0 call=False failure=validator_fail
250/808 live_simple_91-52-0 call=True failure=none
251/808 live_simple_92-53-0 call=True failure=none
252/808 live_simple_93-54-0 call=True failure=none
253/808 live_simple_94-55-0 call=True failure=none
254/808 live_simple_95-56-0 call=True failure=none
255/808 live_simple_96-57-0 call=True failure=none
256/808 live_simple_97-57-1 call=False failure=validator_fail
257/808 live_simple_98-58-0 call=True failure=none
258/808 live_simple_99-59-0 call=True failure=none
259/808 simple_java_0 call=True failure=none
260/808 simple_java_1 call=False failure=validator_fail
261/808 simple_java_10 call=True failure=none
262/808 simple_java_11 call=False failure=validator_fail
263/808 simple_java_12 call=True failure=none
264/808 simple_java_13 call=True failure=none
265/808 simple_java_14 call=True failure=none
266/808 simple_java_15 call=True failure=none
267/808 simple_java_16 call=True failure=none
268/808 simple_java_17 call=True failure=none
269/808 simple_java_18 call=True failure=none
270/808 simple_java_19 call=True failure=none
271/808 simple_java_2 call=True failure=none
272/808 simple_java_20 call=True failure=none
273/808 simple_java_21 call=True failure=none
274/808 simple_java_22 call=True failure=none
275/808 simple_java_23 call=True failure=none
276/808 simple_java_24 call=True failure=none
277/808 simple_java_25 call=True failure=none
278/808 simple_java_26 call=False failure=validator_fail
279/808 simple_java_27 call=True failure=none
280/808 simple_java_28 call=True failure=none
281/808 simple_java_29 call=False failure=validator_fail
282/808 simple_java_3 call=True failure=none
283/808 simple_java_30 call=False failure=validator_fail
284/808 simple_java_31 call=True failure=none
285/808 simple_java_32 call=True failure=none
286/808 simple_java_33 call=True failure=none
287/808 simple_java_34 call=False failure=validator_fail
288/808 simple_java_35 call=False failure=validator_fail
289/808 simple_java_36 call=True failure=none
290/808 simple_java_37 call=True failure=none
291/808 simple_java_38 call=False failure=validator_fail
292/808 simple_java_39 call=True failure=none
293/808 simple_java_4 call=False failure=validator_fail
294/808 simple_java_40 call=True failure=none
295/808 simple_java_41 call=True failure=none
296/808 simple_java_42 call=True failure=none
297/808 simple_java_43 call=True failure=none
298/808 simple_java_44 call=True failure=none
299/808 simple_java_45 call=True failure=none
300/808 simple_java_46 call=True failure=none
301/808 simple_java_47 call=True failure=none
302/808 simple_java_48 call=False failure=validator_fail
303/808 simple_java_49 call=True failure=none
304/808 simple_java_5 call=True failure=none
305/808 simple_java_50 call=True failure=none
306/808 simple_java_51 call=False failure=validator_fail
307/808 simple_java_52 call=False failure=validator_fail
308/808 simple_java_53 call=True failure=none
309/808 simple_java_54 call=True failure=none
310/808 simple_java_55 call=True failure=none
311/808 simple_java_56 call=True failure=none
312/808 simple_java_57 call=True failure=none
313/808 simple_java_58 call=False failure=validator_fail
314/808 simple_java_59 call=False failure=validator_fail
315/808 simple_java_6 call=True failure=none
316/808 simple_java_60 call=True failure=none
317/808 simple_java_61 call=True failure=none
318/808 simple_java_62 call=True failure=none
319/808 simple_java_63 call=True failure=none
320/808 simple_java_64 call=True failure=none
321/808 simple_java_65 call=False failure=validator_fail
322/808 simple_java_66 call=False failure=validator_fail
323/808 simple_java_67 call=False failure=validator_fail
324/808 simple_java_68 call=False failure=validator_fail
325/808 simple_java_69 call=True failure=none
326/808 simple_java_7 call=False failure=validator_fail
327/808 simple_java_70 call=False failure=validator_fail
328/808 simple_java_71 call=True failure=none
329/808 simple_java_72 call=True failure=none
330/808 simple_java_73 call=True failure=none
331/808 simple_java_74 call=True failure=none
332/808 simple_java_75 call=True failure=none
333/808 simple_java_76 call=True failure=none
334/808 simple_java_77 call=True failure=none
335/808 simple_java_78 call=False failure=validator_fail
336/808 simple_java_79 call=True failure=none
337/808 simple_java_8 call=True failure=none
338/808 simple_java_80 call=True failure=none
339/808 simple_java_81 call=True failure=none
340/808 simple_java_82 call=False failure=validator_fail
341/808 simple_java_83 call=False failure=validator_fail
342/808 simple_java_84 call=True failure=none
343/808 simple_java_85 call=False failure=validator_fail
344/808 simple_java_86 call=True failure=none
345/808 simple_java_87 call=False failure=validator_fail
346/808 simple_java_88 call=False failure=validator_fail
347/808 simple_java_89 call=True failure=none
348/808 simple_java_9 call=False failure=validator_fail
349/808 simple_java_90 call=True failure=none
350/808 simple_java_91 call=True failure=none
351/808 simple_java_92 call=True failure=none
352/808 simple_java_93 call=True failure=none
353/808 simple_java_94 call=False failure=validator_fail
354/808 simple_java_95 call=True failure=none
355/808 simple_java_96 call=True failure=none
356/808 simple_java_97 call=True failure=none
357/808 simple_java_98 call=True failure=none
358/808 simple_java_99 call=True failure=none
359/808 simple_javascript_0 call=True failure=none
360/808 simple_javascript_1 call=False failure=validator_fail
361/808 simple_javascript_10 call=False failure=validator_fail
362/808 simple_javascript_11 call=False failure=validator_fail
363/808 simple_javascript_12 call=False failure=validator_fail
364/808 simple_javascript_13 call=False failure=validator_fail
365/808 simple_javascript_14 call=False failure=validator_fail
366/808 simple_javascript_15 call=True failure=none
367/808 simple_javascript_16 call=False failure=validator_fail
368/808 simple_javascript_17 call=True failure=none
369/808 simple_javascript_18 call=False failure=validator_fail
370/808 simple_javascript_19 call=True failure=none
371/808 simple_javascript_2 call=True failure=none
372/808 simple_javascript_20 call=False failure=validator_fail
373/808 simple_javascript_21 call=True failure=none
374/808 simple_javascript_22 call=True failure=none
375/808 simple_javascript_23 call=False failure=validator_fail
376/808 simple_javascript_24 call=True failure=none
377/808 simple_javascript_25 call=True failure=none
378/808 simple_javascript_26 call=True failure=none
379/808 simple_javascript_27 call=True failure=none
380/808 simple_javascript_28 call=True failure=none
381/808 simple_javascript_29 call=False failure=validator_fail
382/808 simple_javascript_3 call=False failure=validator_fail
383/808 simple_javascript_30 call=True failure=none
384/808 simple_javascript_31 call=True failure=none
385/808 simple_javascript_32 call=True failure=none
386/808 simple_javascript_33 call=True failure=none
387/808 simple_javascript_34 call=True failure=none
388/808 simple_javascript_35 call=True failure=none
389/808 simple_javascript_36 call=False failure=validator_fail
390/808 simple_javascript_37 call=True failure=none
391/808 simple_javascript_38 call=False failure=validator_fail
392/808 simple_javascript_39 call=True failure=none
393/808 simple_javascript_4 call=True failure=none
394/808 simple_javascript_40 call=True failure=none
395/808 simple_javascript_41 call=True failure=none
396/808 simple_javascript_42 call=False failure=validator_fail
397/808 simple_javascript_43 call=False failure=validator_fail
398/808 simple_javascript_44 call=True failure=none
399/808 simple_javascript_45 call=False failure=validator_fail
400/808 simple_javascript_46 call=True failure=none
401/808 simple_javascript_47 call=True failure=none
402/808 simple_javascript_48 call=True failure=none
403/808 simple_javascript_49 call=True failure=none
404/808 simple_javascript_5 call=False failure=router_fail
405/808 simple_javascript_6 call=True failure=none
406/808 simple_javascript_7 call=True failure=none
407/808 simple_javascript_8 call=True failure=none
408/808 simple_javascript_9 call=True failure=none
409/808 simple_python_0 call=False failure=validator_fail
410/808 simple_python_1 call=True failure=none
411/808 simple_python_10 call=False failure=validator_fail
412/808 simple_python_100 call=False failure=validator_fail
413/808 simple_python_101 call=False failure=validator_fail
414/808 simple_python_102 call=True failure=none
415/808 simple_python_103 call=True failure=none
416/808 simple_python_104 call=False failure=validator_fail
417/808 simple_python_105 call=False failure=validator_fail
418/808 simple_python_106 call=True failure=none
419/808 simple_python_107 call=True failure=none
420/808 simple_python_108 call=True failure=none
421/808 simple_python_109 call=True failure=none
422/808 simple_python_11 call=True failure=none
423/808 simple_python_110 call=True failure=none
424/808 simple_python_111 call=True failure=none
425/808 simple_python_112 call=True failure=none
426/808 simple_python_113 call=False failure=validator_fail
427/808 simple_python_114 call=True failure=none
428/808 simple_python_115 call=True failure=none
429/808 simple_python_116 call=False failure=validator_fail
430/808 simple_python_117 call=True failure=none
431/808 simple_python_118 call=True failure=none
432/808 simple_python_119 call=True failure=none
433/808 simple_python_12 call=False failure=validator_fail
434/808 simple_python_120 call=True failure=none
435/808 simple_python_121 call=True failure=none
436/808 simple_python_122 call=False failure=validator_fail
437/808 simple_python_123 call=True failure=none
438/808 simple_python_124 call=True failure=none
439/808 simple_python_125 call=True failure=none
440/808 simple_python_126 call=True failure=none
441/808 simple_python_127 call=True failure=none
442/808 simple_python_128 call=True failure=none
443/808 simple_python_129 call=False failure=validator_fail
444/808 simple_python_13 call=False failure=validator_fail
445/808 simple_python_130 call=False failure=validator_fail
446/808 simple_python_131 call=True failure=none
447/808 simple_python_132 call=True failure=none
448/808 simple_python_133 call=True failure=none
449/808 simple_python_134 call=True failure=none
450/808 simple_python_135 call=True failure=none
451/808 simple_python_136 call=True failure=none
452/808 simple_python_137 call=False failure=validator_fail
453/808 simple_python_138 call=True failure=none
454/808 simple_python_139 call=True failure=none
455/808 simple_python_14 call=False failure=validator_fail
456/808 simple_python_140 call=True failure=none
457/808 simple_python_141 call=True failure=none
458/808 simple_python_142 call=False failure=validator_fail
459/808 simple_python_143 call=True failure=none
460/808 simple_python_144 call=True failure=none
461/808 simple_python_145 call=True failure=none
462/808 simple_python_146 call=True failure=none
463/808 simple_python_147 call=True failure=none
464/808 simple_python_148 call=False failure=validator_fail
465/808 simple_python_149 call=True failure=none
466/808 simple_python_15 call=False failure=validator_fail
467/808 simple_python_150 call=True failure=none
468/808 simple_python_151 call=True failure=none
469/808 simple_python_152 call=True failure=none
470/808 simple_python_153 call=True failure=none
471/808 simple_python_154 call=False failure=validator_fail
472/808 simple_python_155 call=False failure=validator_fail
473/808 simple_python_156 call=True failure=none
474/808 simple_python_157 call=True failure=none
475/808 simple_python_158 call=True failure=none
476/808 simple_python_159 call=False failure=validator_fail
477/808 simple_python_16 call=False failure=validator_fail
478/808 simple_python_160 call=True failure=none
479/808 simple_python_161 call=True failure=none
480/808 simple_python_162 call=True failure=none
481/808 simple_python_163 call=True failure=none
482/808 simple_python_164 call=False failure=validator_fail
483/808 simple_python_165 call=True failure=none
484/808 simple_python_166 call=False failure=validator_fail
485/808 simple_python_167 call=True failure=none
486/808 simple_python_168 call=True failure=none
487/808 simple_python_169 call=True failure=none
488/808 simple_python_17 call=True failure=none
489/808 simple_python_170 call=True failure=none
490/808 simple_python_171 call=True failure=none
491/808 simple_python_172 call=True failure=none
492/808 simple_python_173 call=True failure=none
493/808 simple_python_174 call=True failure=none
494/808 simple_python_175 call=True failure=none
495/808 simple_python_176 call=False failure=validator_fail
496/808 simple_python_177 call=False failure=validator_fail
497/808 simple_python_178 call=False failure=validator_fail
498/808 simple_python_179 call=True failure=none
499/808 simple_python_18 call=True failure=none
500/808 simple_python_180 call=False failure=validator_fail
501/808 simple_python_181 call=True failure=none
502/808 simple_python_182 call=False failure=validator_fail
503/808 simple_python_183 call=True failure=none
504/808 simple_python_184 call=True failure=none
505/808 simple_python_185 call=True failure=none
506/808 simple_python_186 call=True failure=none
507/808 simple_python_187 call=True failure=none
508/808 simple_python_188 call=False failure=validator_fail
509/808 simple_python_189 call=True failure=none
510/808 simple_python_19 call=True failure=none
511/808 simple_python_190 call=True failure=none
512/808 simple_python_191 call=True failure=none
513/808 simple_python_192 call=True failure=none
514/808 simple_python_193 call=True failure=none
515/808 simple_python_194 call=True failure=none
516/808 simple_python_195 call=False failure=validator_fail
517/808 simple_python_196 call=False failure=validator_fail
518/808 simple_python_197 call=True failure=none
519/808 simple_python_198 call=False failure=validator_fail
520/808 simple_python_199 call=True failure=none
521/808 simple_python_2 call=False failure=validator_fail
522/808 simple_python_20 call=True failure=none
523/808 simple_python_200 call=False failure=validator_fail
524/808 simple_python_201 call=False failure=validator_fail
525/808 simple_python_202 call=False failure=validator_fail
526/808 simple_python_203 call=True failure=none
527/808 simple_python_204 call=True failure=none
528/808 simple_python_205 call=True failure=none
529/808 simple_python_206 call=True failure=none
530/808 simple_python_207 call=True failure=none
531/808 simple_python_208 call=True failure=none
532/808 simple_python_209 call=True failure=none
533/808 simple_python_21 call=True failure=none
534/808 simple_python_210 call=True failure=none
535/808 simple_python_211 call=True failure=none
536/808 simple_python_212 call=False failure=validator_fail
537/808 simple_python_213 call=True failure=none
538/808 simple_python_214 call=True failure=none
539/808 simple_python_215 call=True failure=none
540/808 simple_python_216 call=True failure=none
541/808 simple_python_217 call=True failure=none
542/808 simple_python_218 call=False failure=validator_fail
543/808 simple_python_219 call=True failure=none
544/808 simple_python_22 call=True failure=none
545/808 simple_python_220 call=True failure=none
546/808 simple_python_221 call=False failure=validator_fail
547/808 simple_python_222 call=False failure=validator_fail
548/808 simple_python_223 call=True failure=none
549/808 simple_python_224 call=True failure=none
550/808 simple_python_225 call=False failure=validator_fail
551/808 simple_python_226 call=True failure=none
552/808 simple_python_227 call=True failure=none
553/808 simple_python_228 call=True failure=none
554/808 simple_python_229 call=True failure=none
555/808 simple_python_23 call=True failure=none
556/808 simple_python_230 call=True failure=none
557/808 simple_python_231 call=True failure=none
558/808 simple_python_232 call=True failure=none
559/808 simple_python_233 call=True failure=none
560/808 simple_python_234 call=True failure=none
561/808 simple_python_235 call=False failure=validator_fail
562/808 simple_python_236 call=True failure=none
563/808 simple_python_237 call=True failure=none
564/808 simple_python_238 call=True failure=none
565/808 simple_python_239 call=True failure=none
566/808 simple_python_24 call=True failure=none
567/808 simple_python_240 call=False failure=validator_fail
568/808 simple_python_241 call=False failure=validator_fail
569/808 simple_python_242 call=True failure=none
570/808 simple_python_243 call=True failure=none
571/808 simple_python_244 call=False failure=validator_fail
572/808 simple_python_245 call=False failure=validator_fail
573/808 simple_python_246 call=False failure=validator_fail
574/808 simple_python_247 call=False failure=validator_fail
575/808 simple_python_248 call=True failure=none
576/808 simple_python_249 call=True failure=none
577/808 simple_python_25 call=True failure=none
578/808 simple_python_250 call=True failure=none
579/808 simple_python_251 call=True failure=none
580/808 simple_python_252 call=True failure=none
581/808 simple_python_253 call=True failure=none
582/808 simple_python_254 call=False failure=validator_fail
583/808 simple_python_255 call=True failure=none
584/808 simple_python_256 call=False failure=validator_fail
585/808 simple_python_257 call=True failure=none
586/808 simple_python_258 call=True failure=none
587/808 simple_python_259 call=True failure=none
588/808 simple_python_26 call=False failure=validator_fail
589/808 simple_python_260 call=False failure=validator_fail
590/808 simple_python_261 call=True failure=none
591/808 simple_python_262 call=True failure=none
592/808 simple_python_263 call=True failure=none
593/808 simple_python_264 call=False failure=validator_fail
594/808 simple_python_265 call=False failure=validator_fail
595/808 simple_python_266 call=True failure=none
596/808 simple_python_267 call=False failure=validator_fail
597/808 simple_python_268 call=True failure=none
598/808 simple_python_269 call=True failure=none
599/808 simple_python_27 call=True failure=none
600/808 simple_python_270 call=True failure=none
601/808 simple_python_271 call=True failure=none
602/808 simple_python_272 call=True failure=none
603/808 simple_python_273 call=False failure=validator_fail
604/808 simple_python_274 call=True failure=none
605/808 simple_python_275 call=True failure=none
606/808 simple_python_276 call=False failure=validator_fail
607/808 simple_python_277 call=True failure=none
608/808 simple_python_278 call=True failure=none
609/808 simple_python_279 call=False failure=validator_fail
610/808 simple_python_28 call=True failure=none
611/808 simple_python_280 call=True failure=none
612/808 simple_python_281 call=True failure=none
613/808 simple_python_282 call=True failure=none
614/808 simple_python_283 call=False failure=validator_fail
615/808 simple_python_284 call=True failure=none
616/808 simple_python_285 call=True failure=none
617/808 simple_python_286 call=True failure=none
618/808 simple_python_287 call=True failure=none
619/808 simple_python_288 call=True failure=none
620/808 simple_python_289 call=True failure=none
621/808 simple_python_29 call=True failure=none
622/808 simple_python_290 call=True failure=none
623/808 simple_python_291 call=True failure=none
624/808 simple_python_292 call=True failure=none
625/808 simple_python_293 call=True failure=none
626/808 simple_python_294 call=True failure=none
627/808 simple_python_295 call=False failure=validator_fail
628/808 simple_python_296 call=True failure=none
629/808 simple_python_297 call=True failure=none
630/808 simple_python_298 call=False failure=validator_fail
631/808 simple_python_299 call=True failure=none
632/808 simple_python_3 call=True failure=none
633/808 simple_python_30 call=True failure=none
634/808 simple_python_300 call=False failure=validator_fail
635/808 simple_python_301 call=False failure=validator_fail
636/808 simple_python_302 call=True failure=none
637/808 simple_python_303 call=True failure=none
638/808 simple_python_304 call=True failure=none
639/808 simple_python_305 call=True failure=none
640/808 simple_python_306 call=False failure=validator_fail
641/808 simple_python_307 call=False failure=validator_fail
642/808 simple_python_308 call=False failure=validator_fail
643/808 simple_python_309 call=False failure=validator_fail
644/808 simple_python_31 call=True failure=none
645/808 simple_python_310 call=True failure=none
646/808 simple_python_311 call=True failure=none
647/808 simple_python_312 call=True failure=none
648/808 simple_python_313 call=True failure=none
649/808 simple_python_314 call=False failure=validator_fail
650/808 simple_python_315 call=True failure=none
651/808 simple_python_316 call=False failure=validator_fail
652/808 simple_python_317 call=True failure=none
653/808 simple_python_318 call=True failure=none
654/808 simple_python_319 call=False failure=validator_fail
655/808 simple_python_32 call=False failure=validator_fail
656/808 simple_python_320 call=True failure=none
657/808 simple_python_321 call=True failure=none
658/808 simple_python_322 call=False failure=validator_fail
659/808 simple_python_323 call=True failure=none
660/808 simple_python_324 call=True failure=none
661/808 simple_python_325 call=True failure=none
662/808 simple_python_326 call=True failure=none
663/808 simple_python_327 call=True failure=none
664/808 simple_python_328 call=False failure=validator_fail
665/808 simple_python_329 call=False failure=validator_fail
666/808 simple_python_33 call=True failure=none
667/808 simple_python_330 call=True failure=none
668/808 simple_python_331 call=False failure=validator_fail
669/808 simple_python_332 call=True failure=none
670/808 simple_python_333 call=True failure=none
671/808 simple_python_334 call=True failure=none
672/808 simple_python_335 call=True failure=none
673/808 simple_python_336 call=True failure=none
674/808 simple_python_337 call=False failure=validator_fail
675/808 simple_python_338 call=True failure=none
676/808 simple_python_339 call=True failure=none
677/808 simple_python_34 call=True failure=none
678/808 simple_python_340 call=True failure=none
679/808 simple_python_341 call=True failure=none
680/808 simple_python_342 call=True failure=none
681/808 simple_python_343 call=False failure=validator_fail
682/808 simple_python_344 call=True failure=none
683/808 simple_python_345 call=True failure=none
684/808 simple_python_346 call=False failure=validator_fail
685/808 simple_python_347 call=True failure=none
686/808 simple_python_348 call=True failure=none
687/808 simple_python_349 call=True failure=none
688/808 simple_python_35 call=True failure=none
689/808 simple_python_350 call=True failure=none
690/808 simple_python_351 call=True failure=none
691/808 simple_python_352 call=True failure=none
692/808 simple_python_353 call=True failure=none
693/808 simple_python_354 call=True failure=none
694/808 simple_python_355 call=True failure=none
695/808 simple_python_356 call=True failure=none
696/808 simple_python_357 call=True failure=none
697/808 simple_python_358 call=False failure=validator_fail
698/808 simple_python_359 call=True failure=none
699/808 simple_python_36 call=False failure=validator_fail
700/808 simple_python_360 call=True failure=none
701/808 simple_python_361 call=True failure=none
702/808 simple_python_362 call=True failure=none
703/808 simple_python_363 call=True failure=none
704/808 simple_python_364 call=True failure=none
705/808 simple_python_365 call=True failure=none
706/808 simple_python_366 call=False failure=validator_fail
707/808 simple_python_367 call=True failure=none
708/808 simple_python_368 call=False failure=validator_fail
709/808 simple_python_369 call=True failure=none
710/808 simple_python_37 call=True failure=none
711/808 simple_python_370 call=False failure=validator_fail
712/808 simple_python_371 call=True failure=none
713/808 simple_python_372 call=True failure=none
714/808 simple_python_373 call=False failure=validator_fail
715/808 simple_python_374 call=True failure=none
716/808 simple_python_375 call=False failure=validator_fail
717/808 simple_python_376 call=True failure=none
718/808 simple_python_377 call=False failure=validator_fail
719/808 simple_python_378 call=True failure=none
720/808 simple_python_379 call=True failure=none
721/808 simple_python_38 call=False failure=validator_fail
722/808 simple_python_380 call=True failure=none
723/808 simple_python_381 call=False failure=validator_fail
724/808 simple_python_382 call=False failure=validator_fail
725/808 simple_python_383 call=False failure=validator_fail
726/808 simple_python_384 call=False failure=validator_fail
727/808 simple_python_385 call=False failure=validator_fail
728/808 simple_python_386 call=False failure=validator_fail
729/808 simple_python_387 call=True failure=none
730/808 simple_python_388 call=True failure=none
731/808 simple_python_389 call=True failure=none
732/808 simple_python_39 call=False failure=validator_fail
733/808 simple_python_390 call=True failure=none
734/808 simple_python_391 call=True failure=none
735/808 simple_python_392 call=False failure=validator_fail
736/808 simple_python_393 call=True failure=none
737/808 simple_python_394 call=True failure=none
738/808 simple_python_395 call=False failure=validator_fail
739/808 simple_python_396 call=True failure=none
740/808 simple_python_397 call=True failure=none
741/808 simple_python_398 call=True failure=none
742/808 simple_python_399 call=True failure=none
743/808 simple_python_4 call=True failure=none
744/808 simple_python_40 call=False failure=validator_fail
745/808 simple_python_41 call=False failure=validator_fail
746/808 simple_python_42 call=False failure=validator_fail
747/808 simple_python_43 call=False failure=validator_fail
748/808 simple_python_44 call=False failure=validator_fail
749/808 simple_python_45 call=False failure=validator_fail
750/808 simple_python_46 call=False failure=validator_fail
751/808 simple_python_47 call=True failure=none
752/808 simple_python_48 call=False failure=validator_fail
753/808 simple_python_49 call=True failure=none
754/808 simple_python_5 call=False failure=validator_fail
755/808 simple_python_50 call=True failure=none
756/808 simple_python_51 call=False failure=validator_fail
757/808 simple_python_52 call=False failure=validator_fail
758/808 simple_python_53 call=False failure=validator_fail
759/808 simple_python_54 call=True failure=none
760/808 simple_python_55 call=False failure=validator_fail
761/808 simple_python_56 call=True failure=none
762/808 simple_python_57 call=False failure=validator_fail
763/808 simple_python_58 call=True failure=none
764/808 simple_python_59 call=True failure=none
765/808 simple_python_6 call=True failure=none
766/808 simple_python_60 call=False failure=validator_fail
767/808 simple_python_61 call=False failure=validator_fail
768/808 simple_python_62 call=True failure=none
769/808 simple_python_63 call=True failure=none
770/808 simple_python_64 call=True failure=none
771/808 simple_python_65 call=True failure=none
772/808 simple_python_66 call=True failure=none
773/808 simple_python_67 call=True failure=none
774/808 simple_python_68 call=True failure=none
775/808 simple_python_69 call=True failure=none
776/808 simple_python_7 call=True failure=none
777/808 simple_python_70 call=False failure=validator_fail
778/808 simple_python_71 call=True failure=none
779/808 simple_python_72 call=True failure=none
780/808 simple_python_73 call=False failure=validator_fail
781/808 simple_python_74 call=False failure=validator_fail
782/808 simple_python_75 call=True failure=none
783/808 simple_python_76 call=True failure=none
784/808 simple_python_77 call=True failure=none
785/808 simple_python_78 call=True failure=none
786/808 simple_python_79 call=True failure=none
787/808 simple_python_8 call=False failure=validator_fail
788/808 simple_python_80 call=True failure=none
789/808 simple_python_81 call=True failure=none
790/808 simple_python_82 call=True failure=none
791/808 simple_python_83 call=True failure=none
792/808 simple_python_84 call=False failure=validator_fail
793/808 simple_python_85 call=True failure=none
794/808 simple_python_86 call=True failure=none
795/808 simple_python_87 call=True failure=none
796/808 simple_python_88 call=True failure=none
797/808 simple_python_89 call=False failure=validator_fail
798/808 simple_python_9 call=False failure=validator_fail
799/808 simple_python_90 call=True failure=none
800/808 simple_python_91 call=True failure=none
801/808 simple_python_92 call=False failure=validator_fail
802/808 simple_python_93 call=True failure=none
803/808 simple_python_94 call=False failure=validator_fail
804/808 simple_python_95 call=True failure=none
805/808 simple_python_96 call=False failure=validator_fail
806/808 simple_python_97 call=True failure=none
807/808 simple_python_98 call=False failure=validator_fail
808/808 simple_python_99 call=True failure=none
{
  "summary": {
    "n_total_episodes": 808,
    "n_failures": 278,
    "call_accuracy": 0.655940594059406,
    "n_router_fail": 2,
    "n_validator_fail": 276,
    "failure_rate": 0.34405940594059403,
    "router_fail_rate": 0.0024752475247524753,
    "validator_fail_rate": 0.3415841584158416,
    "by_category": {
      "live_simple": {
        "n_total": 258,
        "n_failures": 108,
        "router_fail": 1,
        "validator_fail": 107
      },
      "simple_java": {
        "n_total": 100,
        "n_failures": 28,
        "router_fail": 0,
        "validator_fail": 28
      },
      "simple_javascript": {
        "n_total": 50,
        "n_failures": 18,
        "router_fail": 1,
        "validator_fail": 17
      },
      "simple_python": {
        "n_total": 400,
        "n_failures": 124,
        "router_fail": 0,
        "validator_fail": 124
      }
    },
    "query_length_words": {
      "min": 1,
      "max": 212,
      "mean": 19.883663366336634
    },
    "ground_truth_parameter_count": {
      "min": 0,
      "max": 10,
      "mean": 2.797029702970297
    }
  },
  "asserts": {
    "n_failures_gt_0": true,
    "n_failures_lt_total": true
  }
}
